// Jest Snapshot v1, https://goo.gl/fbAQLP

exports[`<Toast /> renders correctly 1`] = `
<div
  className="toast-container"
>
  hello world
</div>
`;
